2026-07-17 12:53:13.123  SENT 'PING' -> reply 'OK'
2026-07-17 12:53:24.271  === Engrave requested: 8888 ===
2026-07-17 12:53:24.380  SENT 'FORCELOAD:C:\Users\zac.simmonds\Desktop\KeyEngraver\current.lbrn2' -> reply 'OK'
2026-07-17 12:53:25.371  SENT 'START' -> reply 'OK'
2026-07-17 12:53:42.561  === Engrave requested: 6665 ===
2026-07-17 12:53:42.623  SENT 'FORCELOAD:C:\Users\zac.simmonds\Desktop\KeyEngraver\current.lbrn2' -> reply 'OK'
2026-07-17 12:53:43.618  SENT 'START' -> reply 'OK'
2026-07-17 12:53:59.673  === Engrave requested: 1234 ===
2026-07-17 12:53:59.873  SENT 'FORCELOAD:C:\Users\zac.simmonds\Desktop\KeyEngraver\current.lbrn2' -> reply 'OK'
2026-07-17 12:54:00.869  SENT 'START' -> reply 'OK'
2026-07-17 13:04:58.121  SENT 'PING' -> reply 'OK'
2026-07-17 13:05:02.333  === Engrave requested: 77777777 ===
2026-07-17 13:05:02.373  SENT 'FORCELOAD:C:\Users\zac.simmonds\Desktop\KeyEngraver\current.lbrn2' -> reply 'OK'
2026-07-17 13:05:03.367  SENT 'START' -> reply 'OK'
2026-07-17 13:05:12.400  === Engrave requested: 77777777 ===
2026-07-17 13:05:12.638  SENT 'FORCELOAD:C:\Users\zac.simmonds\Desktop\KeyEngraver\current.lbrn2' -> reply 'OK'
2026-07-17 13:05:13.636  SENT 'START' -> reply 'OK'
2026-07-17 13:05:30.055  === Engrave requested: 77777777 ===
2026-07-17 13:05:30.141  SENT 'FORCELOAD:C:\Users\zac.simmonds\Desktop\KeyEngraver\current.lbrn2' -> reply 'OK'
2026-07-17 13:05:31.136  SENT 'START' -> reply 'OK'
2026-09-11 09:34:36.744  === Kiosk starting.  PowerShell 5.1.26100.9168  OS Microsoft Windows NT 10.0.26200.0  Folder C:\Users\zac.simmonds\Desktop\Desktop\KeyEngraver\KeyEngraveFiber
2026-09-11 09:34:37.542  SENT 'PING' -> reply 'OK'
